src/routes/agents.ts(10,33): error TS2551: Property 'agents' does not exist on type 'PrismaClient<PrismaClientOptions, never, DefaultArgs>'. Did you mean 'agent'?
src/routes/agents.ts(26,32): error TS2551: Property 'agents' does not exist on type 'PrismaClient<PrismaClientOptions, never, DefaultArgs>'. Did you mean 'agent'?
src/routes/agents.ts(49,32): error TS2551: Property 'agents' does not exist on type 'PrismaClient<PrismaClientOptions, never, DefaultArgs>'. Did you mean 'agent'?
src/routes/agents.ts(56,34): error TS2551: Property 'agents' does not exist on type 'PrismaClient<PrismaClientOptions, never, DefaultArgs>'. Did you mean 'agent'?
src/routes/agents.ts(72,32): error TS2551: Property 'agents' does not exist on type 'PrismaClient<PrismaClientOptions, never, DefaultArgs>'. Did you mean 'agent'?
src/routes/agents.ts(79,18): error TS2551: Property 'agents' does not exist on type 'PrismaClient<PrismaClientOptions, never, DefaultArgs>'. Did you mean 'agent'?
src/routes/aiMarketplace.ts(15,35): error TS2551: Property 'agents_service_listings' does not exist on type 'PrismaClient<PrismaClientOptions, never, DefaultArgs>'. Did you mean 'agentServiceListing'?
src/routes/aiMarketplace.ts(35,32): error TS2551: Property 'agents' does not exist on type 'PrismaClient<PrismaClientOptions, never, DefaultArgs>'. Did you mean 'agent'?
src/routes/aiMarketplace.ts(40,34): error TS2551: Property 'agents_service_listings' does not exist on type 'PrismaClient<PrismaClientOptions, never, DefaultArgs>'. Did you mean 'agentServiceListing'?
src/routes/aiMarketplace.ts(65,34): error TS2551: Property 'agents_service_listings' does not exist on type 'PrismaClient<PrismaClientOptions, never, DefaultArgs>'. Did you mean 'agentServiceListing'?
src/routes/aiMarketplace.ts(74,34): error TS2551: Property 'agents_service_listings' does not exist on type 'PrismaClient<PrismaClientOptions, never, DefaultArgs>'. Did you mean 'agentServiceListing'?
src/routes/aiMarketplace.ts(93,34): error TS2551: Property 'agents_service_listings' does not exist on type 'PrismaClient<PrismaClientOptions, never, DefaultArgs>'. Did you mean 'agentServiceListing'?
src/routes/aiMarketplace.ts(102,38): error TS2551: Property 'agents' does not exist on type 'PrismaClient<PrismaClientOptions, never, DefaultArgs>'. Did you mean 'agent'?
src/routes/aiMarketplace.ts(113,36): error TS2551: Property 'agents_hire_agreements' does not exist on type 'PrismaClient<PrismaClientOptions, never, DefaultArgs>'. Did you mean 'agentHireAgreement'?
src/routes/aiMarketplace.ts(135,37): error TS2551: Property 'agents' does not exist on type 'PrismaClient<PrismaClientOptions, never, DefaultArgs>'. Did you mean 'agent'?
src/routes/aiMarketplace.ts(139,37): error TS7006: Parameter 'a' implicitly has an 'any' type.
src/routes/aiMarketplace.ts(141,37): error TS2551: Property 'agents_hire_agreements' does not exist on type 'PrismaClient<PrismaClientOptions, never, DefaultArgs>'. Did you mean 'agentHireAgreement'?
src/routes/aiMarketplace.ts(166,36): error TS2551: Property 'agents_hire_agreements' does not exist on type 'PrismaClient<PrismaClientOptions, never, DefaultArgs>'. Did you mean 'agentHireAgreement'?
src/routes/aiMarketplace.ts(176,34): error TS2551: Property 'agents_hire_agreements' does not exist on type 'PrismaClient<PrismaClientOptions, never, DefaultArgs>'. Did you mean 'agentHireAgreement'?
src/routes/aiMarketplace.ts(193,36): error TS2551: Property 'agents_hire_agreements' does not exist on type 'PrismaClient<PrismaClientOptions, never, DefaultArgs>'. Did you mean 'agentHireAgreement'?
src/routes/aiMarketplace.ts(211,9): error TS2561: Object literal may only specify known properties, but 'completed_at' does not exist in type 'Without<ServiceExecutionLogCreateInput, ServiceExecutionLogUncheckedCreateInput> & ServiceExecutionLogUncheckedCreateInput'. Did you mean to write 'completedAt'?
src/routes/auth.ts(29,7): error TS2322: Type '{ email: string; passwordHash: string; name: string | null; }' is not assignable to type '(Without<UserCreateInput, UserUncheckedCreateInput> & UserUncheckedCreateInput) | (Without<...> & UserCreateInput)'.
  Type '{ email: string; passwordHash: string; name: string | null; }' is not assignable to type 'Without<UserUncheckedCreateInput, UserCreateInput> & UserCreateInput'.
    Type '{ email: string; passwordHash: string; name: string | null; }' is missing the following properties from type 'UserCreateInput': id, updatedAt
src/routes/auth.ts(90,30): error TS2561: Object literal may only specify known properties, but 'agent' does not exist in type 'stakesInclude<DefaultArgs>'. Did you mean to write 'Agent'?
src/routes/autonomousBusiness.ts(31,9): error TS2561: Object literal may only specify known properties, but 'owner_id' does not exist in type '(Without<BusinessCreateInput, BusinessUncheckedCreateInput> & BusinessUncheckedCreateInput) | (Without<...> & BusinessCreateInput)'. Did you mean to write 'ownerId'?
src/routes/autonomousBusiness.ts(41,32): error TS2551: Property 'agents' does not exist on type 'PrismaClient<PrismaClientOptions, never, DefaultArgs>'. Did you mean 'agent'?
src/routes/autonomousBusiness.ts(47,30): error TS2551: Property 'agents' does not exist on type 'PrismaClient<PrismaClientOptions, never, DefaultArgs>'. Did you mean 'agent'?
src/routes/autonomousBusiness.ts(64,11): error TS2561: Object literal may only specify known properties, but 'agent_id' does not exist in type 'Without<ContractCreateInput, ContractUncheckedCreateInput> & ContractUncheckedCreateInput'. Did you mean to write 'agentId'?
src/routes/autonomousBusiness.ts(73,11): error TS2561: Object literal may only specify known properties, but 'agent_id' does not exist in type 'Without<BusinessAgentCreateInput, BusinessAgentUncheckedCreateInput> & BusinessAgentUncheckedCreateInput'. Did you mean to write 'agentId'?
src/routes/autonomousBusiness.ts(79,20): error TS2551: Property 'agents' does not exist on type 'PrismaClient<PrismaClientOptions, never, DefaultArgs>'. Did you mean 'agent'?
src/routes/connectors.ts(25,7): error TS2322: Type '{ name: any; description: any; logoUrl: any; authType: any; authConfig: any; baseUrl: any; endpoints: any; }' is not assignable to type '(Without<ConnectorCreateInput, ConnectorUncheckedCreateInput> & ConnectorUncheckedCreateInput) | (Without<...> & ConnectorCreateInput)'.
  Type '{ name: any; description: any; logoUrl: any; authType: any; authConfig: any; baseUrl: any; endpoints: any; }' is not assignable to type 'Without<ConnectorUncheckedCreateInput, ConnectorCreateInput> & ConnectorCreateInput'.
    Type '{ name: any; description: any; logoUrl: any; authType: any; authConfig: any; baseUrl: any; endpoints: any; }' is missing the following properties from type 'ConnectorCreateInput': id, updatedAt
src/routes/connectors.ts(46,38): error TS2561: Object literal may only specify known properties, but 'user_id' does not exist in type 'UserConnectionUserIdConnectorIdCompoundUniqueInput'. Did you mean to write 'userId'?
src/routes/connectors.ts(48,17): error TS2561: Object literal may only specify known properties, but 'user_id' does not exist in type 'Without<UserConnectionCreateInput, UserConnectionUncheckedCreateInput> & UserConnectionUncheckedCreateInput'. Did you mean to write 'userId'?
src/routes/connectors.ts(61,16): error TS2561: Object literal may only specify known properties, but 'user_id' does not exist in type 'UserConnectionWhereInput'. Did you mean to write 'userId'?
src/routes/connectors.ts(62,18): error TS2561: Object literal may only specify known properties, but 'connector' does not exist in type 'UserConnectionInclude<DefaultArgs>'. Did you mean to write 'Connector'?
src/routes/connectors.ts(76,34): error TS2561: Object literal may only specify known properties, but 'user_id' does not exist in type 'UserConnectionWhereUniqueInput'. Did you mean to write 'userId'?
src/routes/connectors.ts(93,34): error TS2561: Object literal may only specify known properties, but 'user_id' does not exist in type 'UserConnectionWhereInput'. Did you mean to write 'userId'?
src/routes/connectors.ts(98,32): error TS2551: Property 'agents' does not exist on type 'PrismaClient<PrismaClientOptions, never, DefaultArgs>'. Did you mean 'agent'?
src/routes/connectors.ts(104,34): error TS2551: Property 'agents_service_bindings' does not exist on type 'PrismaClient<PrismaClientOptions, never, DefaultArgs>'. Did you mean 'agentServiceBinding'?
src/routes/connectors.ts(123,34): error TS2551: Property 'agents_service_bindings' does not exist on type 'PrismaClient<PrismaClientOptions, never, DefaultArgs>'. Did you mean 'agentServiceBinding'?
src/routes/connectors.ts(132,7): error TS2322: Type '{ agentId: any; connectionId: any; action: any; request: any; response: { message: string; }; status: string; }' is not assignable to type '(Without<IntegrationLogCreateInput, IntegrationLogUncheckedCreateInput> & IntegrationLogUncheckedCreateInput) | (Without<...> & IntegrationLogCreateInput)'.
  Type '{ agentId: any; connectionId: any; action: any; request: any; response: { message: string; }; status: string; }' is not assignable to type 'Without<IntegrationLogUncheckedCreateInput, IntegrationLogCreateInput> & IntegrationLogCreateInput'.
    Type '{ agentId: any; connectionId: any; action: any; request: any; response: { message: string; }; status: string; }' is not assignable to type 'Without<IntegrationLogUncheckedCreateInput, IntegrationLogCreateInput>'.
      Types of property 'agentId' are incompatible.
        Type 'any' is not assignable to type 'never'.
src/routes/connectors.ts(153,16): error TS2561: Object literal may only specify known properties, but 'agent' does not exist in type 'IntegrationLogWhereInput'. Did you mean to write 'Agent'?
src/routes/connectors.ts(154,18): error TS2561: Object literal may only specify known properties, but 'agent' does not exist in type 'IntegrationLogInclude<DefaultArgs>'. Did you mean to write 'Agent'?
src/routes/connectors.ts(155,18): error TS2353: Object literal may only specify known properties, and 'created_at' does not exist in type 'IntegrationLogOrderByWithRelationInput | IntegrationLogOrderByWithRelationInput[]'.
src/routes/derivatives.ts(24,36): error TS2551: Property 'derivative_contracts' does not exist on type 'PrismaClient<PrismaClientOptions, never, DefaultArgs>'. Did you mean 'derivativeContract'?
src/routes/derivatives.ts(45,32): error TS2551: Property 'agents' does not exist on type 'PrismaClient<PrismaClientOptions, never, DefaultArgs>'. Did you mean 'agent'?
src/routes/derivatives.ts(57,35): error TS2551: Property 'derivative_contracts' does not exist on type 'PrismaClient<PrismaClientOptions, never, DefaultArgs>'. Did you mean 'derivativeContract'?
src/routes/derivatives.ts(74,9): error TS2561: Object literal may only specify known properties, but 'user_id' does not exist in type '(Without<PositionCreateInput, PositionUncheckedCreateInput> & PositionUncheckedCreateInput) | (Without<...> & PositionCreateInput)'. Did you mean to write 'userId'?
src/routes/derivatives.ts(92,35): error TS2551: Property 'derivative_contracts' does not exist on type 'PrismaClient<PrismaClientOptions, never, DefaultArgs>'. Did you mean 'derivativeContract'?
src/routes/derivatives.ts(120,11): error TS2561: Object literal may only specify known properties, but 'from_user_id' does not exist in type '(Without<TransactionCreateInput, TransactionUncheckedCreateInput> & TransactionUncheckedCreateInput) | (Without<...> & TransactionCreateInput)'. Did you mean to write 'fromUserId'?
src/routes/derivatives.ts(129,34): error TS2551: Property 'derivative_contracts' does not exist on type 'PrismaClient<PrismaClientOptions, never, DefaultArgs>'. Did you mean 'derivativeContract'?
src/routes/derivatives.ts(140,9): error TS2561: Object literal may only specify known properties, but 'user_id' does not exist in type 'Without<PositionCreateInput, PositionUncheckedCreateInput> & PositionUncheckedCreateInput'. Did you mean to write 'userId'?
src/routes/derivatives.ts(158,35): error TS2551: Property 'derivative_contracts' does not exist on type 'PrismaClient<PrismaClientOptions, never, DefaultArgs>'. Did you mean 'derivativeContract'?
src/routes/derivatives.ts(216,13): error TS2561: Object literal may only specify known properties, but 'from_user_id' does not exist in type '(Without<TransactionCreateInput, TransactionUncheckedCreateInput> & TransactionUncheckedCreateInput) | (Without<...> & TransactionCreateInput)'. Did you mean to write 'fromUserId'?
src/routes/derivatives.ts(224,22): error TS2551: Property 'derivative_contracts' does not exist on type 'PrismaClient<PrismaClientOptions, never, DefaultArgs>'. Did you mean 'derivativeContract'?
src/routes/derivatives.ts(233,34): error TS2551: Property 'derivative_contracts' does not exist on type 'PrismaClient<PrismaClientOptions, never, DefaultArgs>'. Did you mean 'derivativeContract'?
src/routes/derivatives.ts(244,7): error TS2322: Type '{ contractId: string; agentMetric: number; payout: number; }' is not assignable to type '(Without<SettlementLogCreateInput, SettlementLogUncheckedCreateInput> & SettlementLogUncheckedCreateInput) | (Without<...> & SettlementLogCreateInput)'.
  Type '{ contractId: string; agentMetric: number; payout: number; }' is not assignable to type 'Without<SettlementLogCreateInput, SettlementLogUncheckedCreateInput> & SettlementLogUncheckedCreateInput'.
    Property 'id' is missing in type '{ contractId: string; agentMetric: number; payout: number; }' but required in type 'SettlementLogUncheckedCreateInput'.
src/routes/derivatives.ts(262,16): error TS2561: Object literal may only specify known properties, but 'user_id' does not exist in type 'PositionWhereInput'. Did you mean to write 'userId'?
src/routes/derivatives.ts(264,9): error TS2353: Object literal may only specify known properties, and 'contract' does not exist in type 'PositionInclude<DefaultArgs>'.
src/routes/derivatives.ts(268,18): error TS2353: Object literal may only specify known properties, and 'created_at' does not exist in type 'PositionOrderByWithRelationInput | PositionOrderByWithRelationInput[]'.
src/routes/derivatives.ts(280,35): error TS2551: Property 'derivative_contracts' does not exist on type 'PrismaClient<PrismaClientOptions, never, DefaultArgs>'. Did you mean 'derivativeContract'?
src/routes/insights.ts(9,16): error TS2353: Object literal may only specify known properties, and 'created_at' does not exist in type 'CompetitorInsightOrderByWithRelationInput | CompetitorInsightOrderByWithRelationInput[]'.
src/routes/learning.ts(30,7): error TS2322: Type '{ roundNumber: number; globalModel: any; status: string; }' is not assignable to type '(Without<LearningRoundCreateInput, LearningRoundUncheckedCreateInput> & LearningRoundUncheckedCreateInput) | (Without<...> & LearningRoundCreateInput)'.
  Type '{ roundNumber: number; globalModel: any; status: string; }' is not assignable to type 'Without<LearningRoundUncheckedCreateInput, LearningRoundCreateInput> & LearningRoundCreateInput'.
    Type '{ roundNumber: number; globalModel: any; status: string; }' is missing the following properties from type 'LearningRoundCreateInput': id, updatedAt
src/routes/learning.ts(50,32): error TS2551: Property 'agents' does not exist on type 'PrismaClient<PrismaClientOptions, never, DefaultArgs>'. Did you mean 'agent'?
src/routes/learning.ts(67,7): error TS2322: Type '{ roundId: string; agentId: any; modelDelta: any; }' is not assignable to type '(Without<ContributionCreateInput, ContributionUncheckedCreateInput> & ContributionUncheckedCreateInput) | (Without<...> & ContributionCreateInput)'.
  Type '{ roundId: string; agentId: any; modelDelta: any; }' is not assignable to type 'Without<ContributionCreateInput, ContributionUncheckedCreateInput> & ContributionUncheckedCreateInput'.
    Type '{ roundId: string; agentId: any; modelDelta: any; }' is missing the following properties from type 'ContributionUncheckedCreateInput': id, updatedAt
src/routes/learning.ts(77,18): error TS2551: Property 'agents' does not exist on type 'PrismaClient<PrismaClientOptions, never, DefaultArgs>'. Did you mean 'agent'?
src/routes/learning.ts(100,9): error TS2561: Object literal may only specify known properties, but 'completed_at' does not exist in type '(Without<LearningRoundUpdateInput, LearningRoundUncheckedUpdateInput> & LearningRoundUncheckedUpdateInput) | (Without<...> & LearningRoundUpdateInput)'. Did you mean to write 'completedAt'?
src/routes/learning.ts(114,16): error TS2561: Object literal may only specify known properties, but 'agent' does not exist in type 'ContributionWhereInput'. Did you mean to write 'Agent'?
src/routes/learning.ts(115,18): error TS2353: Object literal may only specify known properties, and 'round' does not exist in type 'ContributionInclude<DefaultArgs>'.
src/routes/marketplace.ts(53,25): error TS2304: Cannot find name 'prisma'.
src/routes/marketplace.ts(67,41): error TS2345: Argument of type 'string | undefined' is not assignable to parameter of type 'string'.
  Type 'undefined' is not assignable to type 'string'.
src/routes/marketplace.ts(78,25): error TS2345: Argument of type 'string | undefined' is not assignable to parameter of type 'string'.
  Type 'undefined' is not assignable to type 'string'.
src/routes/marketplace.ts(115,37): error TS2345: Argument of type 'string | undefined' is not assignable to parameter of type 'string'.
  Type 'undefined' is not assignable to type 'string'.
src/routes/marketplace.ts(126,39): error TS2345: Argument of type 'string | undefined' is not assignable to parameter of type 'string'.
  Type 'undefined' is not assignable to type 'string'.
src/routes/marketplace.ts(138,39): error TS2345: Argument of type 'string | undefined' is not assignable to parameter of type 'string'.
  Type 'undefined' is not assignable to type 'string'.
src/routes/notifications.ts(11,16): error TS2561: Object literal may only specify known properties, but 'user_id' does not exist in type 'NotificationWhereInput'. Did you mean to write 'userId'?
src/routes/notifications.ts(12,18): error TS2353: Object literal may only specify known properties, and 'created_at' does not exist in type 'NotificationOrderByWithRelationInput | NotificationOrderByWithRelationInput[]'.
src/routes/notifications.ts(29,20): error TS2561: Object literal may only specify known properties, but 'user_id' does not exist in type 'NotificationWhereInput'. Did you mean to write 'userId'?
src/routes/notifications.ts(53,16): error TS2561: Object literal may only specify known properties, but 'user_id' does not exist in type 'NotificationWhereInput'. Did you mean to write 'userId'?
src/routes/platforms.ts(90,32): error TS2551: Property 'agents' does not exist on type 'PrismaClient<PrismaClientOptions, never, DefaultArgs>'. Did you mean 'agent'?
src/routes/platforms.ts(98,9): error TS2561: Object literal may only specify known properties, but 'platformId' does not exist in type '(Without<deploymentsCreateInput, deploymentsUncheckedCreateInput> & deploymentsUncheckedCreateInput) | (Without<...> & deploymentsCreateInput)'. Did you mean to write 'platform_id'?
src/routes/recommendations.ts(15,16): error TS2561: Object literal may only specify known properties, but 'user_id' does not exist in type 'RecommendationWhereInput'. Did you mean to write 'userId'?
src/routes/recommendations.ts(31,20): error TS2561: Object literal may only specify known properties, but 'user_id' does not exist in type 'RecommendationWhereInput'. Did you mean to write 'userId'?
src/routes/replication.ts(10,37): error TS2551: Property 'agentsBlueprint' does not exist on type 'PrismaClient<PrismaClientOptions, never, DefaultArgs>'. Did you mean 'agentBlueprint'?
src/routes/replication.ts(25,37): error TS2551: Property 'agentsBlueprint' does not exist on type 'PrismaClient<PrismaClientOptions, never, DefaultArgs>'. Did you mean 'agentBlueprint'?
src/routes/replication.ts(42,32): error TS2551: Property 'agents' does not exist on type 'PrismaClient<PrismaClientOptions, never, DefaultArgs>'. Did you mean 'agent'?
src/routes/replication.ts(52,36): error TS2551: Property 'agentsBlueprint' does not exist on type 'PrismaClient<PrismaClientOptions, never, DefaultArgs>'. Did you mean 'agentBlueprint'?
src/routes/replication.ts(75,36): error TS2551: Property 'agentsBlueprint' does not exist on type 'PrismaClient<PrismaClientOptions, never, DefaultArgs>'. Did you mean 'agentBlueprint'?
src/routes/replication.ts(101,9): error TS2561: Object literal may only specify known properties, but 'from_user_id' does not exist in type '(Without<TransactionCreateInput, TransactionUncheckedCreateInput> & TransactionUncheckedCreateInput) | (Without<...> & TransactionCreateInput)'. Did you mean to write 'fromUserId'?
src/routes/replication.ts(113,35): error TS2551: Property 'agents' does not exist on type 'PrismaClient<PrismaClientOptions, never, DefaultArgs>'. Did you mean 'agent'?
src/routes/replication.ts(126,32): error TS2551: Property 'agents_clones' does not exist on type 'PrismaClient<PrismaClientOptions, never, DefaultArgs>'. Did you mean 'agentClone'?
src/routes/templates.ts(44,9): error TS2561: Object literal may only specify known properties, but 'owner_id' does not exist in type '(Without<BusinessCreateInput, BusinessUncheckedCreateInput> & BusinessUncheckedCreateInput) | (Without<...> & BusinessCreateInput)'. Did you mean to write 'ownerId'?
src/routes/templates.ts(51,36): error TS2551: Property 'agents' does not exist on type 'PrismaClient<PrismaClientOptions, never, DefaultArgs>'. Did you mean 'agent'?
src/routes/templates.ts(64,13): error TS2561: Object literal may only specify known properties, but 'agent_id' does not exist in type 'Without<ContractCreateInput, ContractUncheckedCreateInput> & ContractUncheckedCreateInput'. Did you mean to write 'agentId'?
src/routes/templates.ts(70,44): error TS2561: Object literal may only specify known properties, but 'agent_id' does not exist in type 'Without<BusinessAgentCreateInput, BusinessAgentUncheckedCreateInput> & BusinessAgentUncheckedCreateInput'. Did you mean to write 'agentId'?
src/routes/venture.ts(48,18): error TS2551: Property 'proposerId' does not exist on type '{ id: string; description: string; status: string; title: string; startup_id: string; proposer_id: string; askAmount: number; equity: number | null; created_at: Date; reviewed_at: Date | null; funded_at: Date | null; }'. Did you mean 'proposer_id'?
src/routes/venture.ts(69,18): error TS2551: Property 'proposerId' does not exist on type '{ id: string; description: string; status: string; title: string; startup_id: string; proposer_id: string; askAmount: number; equity: number | null; created_at: Date; reviewed_at: Date | null; funded_at: Date | null; }'. Did you mean 'proposer_id'?
src/routes/venture.ts(91,18): error TS2551: Property 'proposerId' does not exist on type '{ id: string; description: string; status: string; title: string; startup_id: string; proposer_id: string; askAmount: number; equity: number | null; created_at: Date; reviewed_at: Date | null; funded_at: Date | null; }'. Did you mean 'proposer_id'?
src/seed.ts(1,10): error TS2305: Module '"@prisma/client"' has no exported member 'AgentType'.
src/seed.ts(23,9): error TS2561: Object literal may only specify known properties, but 'reputation_score' does not exist in type '(Without<UserCreateInput, UserUncheckedCreateInput> & UserUncheckedCreateInput) | (Without<...> & UserCreateInput)'. Did you mean to write 'reputationScore'?
src/seed.ts(68,35): error TS2322: Type '{ name: string; description: string; agentType: any; hourly_rate: number; success_rate: number; specialties: string[]; owner_id: string; reputation_score: number; }' is not assignable to type '(Without<AgentCreateInput, AgentUncheckedCreateInput> & AgentUncheckedCreateInput) | (Without<...> & AgentCreateInput)'.
  Type '{ name: string; description: string; agentType: any; hourly_rate: number; success_rate: number; specialties: string[]; owner_id: string; reputation_score: number; }' is not assignable to type 'Without<AgentUncheckedCreateInput, AgentCreateInput> & AgentCreateInput'.
    Type '{ name: string; description: string; agentType: any; hourly_rate: number; success_rate: number; specialties: string[]; owner_id: string; reputation_score: number; }' is missing the following properties from type 'AgentCreateInput': id, updatedAt, User
src/seed.ts(85,9): error TS2561: Object literal may only specify known properties, but 'owner_id' does not exist in type '(Without<BusinessCreateInput, BusinessUncheckedCreateInput> & BusinessUncheckedCreateInput) | (Without<...> & BusinessCreateInput)'. Did you mean to write 'ownerId'?
src/services/autoDiagnosis.ts(29,5): error TS2322: Type '{ metric: string; value: number; threshold: number; actionTaken: string; }' is not assignable to type '(Without<SystemDiagnosticCreateInput, SystemDiagnosticUncheckedCreateInput> & SystemDiagnosticUncheckedCreateInput) | (Without<...> & SystemDiagnosticCreateInput)'.
  Type '{ metric: string; value: number; threshold: number; actionTaken: string; }' is not assignable to type 'Without<SystemDiagnosticUncheckedCreateInput, SystemDiagnosticCreateInput> & SystemDiagnosticCreateInput'.
    Property 'id' is missing in type '{ metric: string; value: number; threshold: number; actionTaken: string; }' but required in type 'SystemDiagnosticCreateInput'.
src/services/autoIntegration.ts(22,7): error TS2322: Type '{ apiName: string; apiDocsUrl: string; generatedCode: string; }' is not assignable to type '(Without<IntegrationTemplateCreateInput, IntegrationTemplateUncheckedCreateInput> & IntegrationTemplateUncheckedCreateInput) | (Without<...> & IntegrationTemplateCreateInput)'.
  Type '{ apiName: string; apiDocsUrl: string; generatedCode: string; }' is not assignable to type 'Without<IntegrationTemplateUncheckedCreateInput, IntegrationTemplateCreateInput> & IntegrationTemplateCreateInput'.
    Type '{ apiName: string; apiDocsUrl: string; generatedCode: string; }' is missing the following properties from type 'IntegrationTemplateCreateInput': id, updatedAt
src/services/competitiveAnalysis.ts(23,11): error TS2322: Type '{ competitor: string; feature: string; description: string; }' is not assignable to type '(Without<CompetitorInsightCreateInput, CompetitorInsightUncheckedCreateInput> & CompetitorInsightUncheckedCreateInput) | (Without<...> & CompetitorInsightCreateInput)'.
  Type '{ competitor: string; feature: string; description: string; }' is not assignable to type 'Without<CompetitorInsightUncheckedCreateInput, CompetitorInsightCreateInput> & CompetitorInsightCreateInput'.
    Property 'id' is missing in type '{ competitor: string; feature: string; description: string; }' but required in type 'CompetitorInsightCreateInput'.
src/services/governanceService.ts(16,7): error TS2561: Object literal may only specify known properties, but 'proposerId' does not exist in type '(Without<proposalsCreateInput, proposalsUncheckedCreateInput> & proposalsUncheckedCreateInput) | (Without<...> & proposalsCreateInput)'. Did you mean to write 'proposer_id'?
src/services/governanceService.ts(16,7): error TS2552: Cannot find name 'proposerId'. Did you mean 'proposer_id'?
src/services/governanceService.ts(27,16): error TS2551: Property 'votingEnds' does not exist on type '{ id: string; description: string; status: string; title: string; proposer_id: string; created_at: Date; voting_starts: Date; voting_ends: Date; executed_at: Date | null; }'. Did you mean 'voting_ends'?
src/services/governanceService.ts(31,38): error TS2561: Object literal may only specify known properties, but 'proposalId' does not exist in type 'votesProposal_idVoter_idCompoundUniqueInput'. Did you mean to write 'proposal_id'?
src/services/governanceService.ts(31,50): error TS2552: Cannot find name 'voterId'. Did you mean 'voter_id'?
src/services/governanceService.ts(37,25): error TS2552: Cannot find name 'voterId'. Did you mean 'voter_id'?
src/services/governanceService.ts(46,7): error TS2561: Object literal may only specify known properties, but 'proposalId' does not exist in type '(Without<votesCreateInput, votesUncheckedCreateInput> & votesUncheckedCreateInput) | (Without<...> & votesCreateInput)'. Did you mean to write 'proposal_id'?
src/services/governanceService.ts(47,7): error TS2552: Cannot find name 'voterId'. Did you mean 'voter_id'?
src/services/governanceService.ts(60,27): error TS2353: Object literal may only specify known properties, and 'voter' does not exist in type 'votesInclude<DefaultArgs>'.
src/services/marketplaceService.ts(14,17): error TS2339: Property 'serviceListing' does not exist on type 'PrismaClient<PrismaClientOptions, never, DefaultArgs>'.
src/services/marketplaceService.ts(34,17): error TS2339: Property 'serviceListing' does not exist on type 'PrismaClient<PrismaClientOptions, never, DefaultArgs>'.
src/services/marketplaceService.ts(48,17): error TS2339: Property 'serviceListing' does not exist on type 'PrismaClient<PrismaClientOptions, never, DefaultArgs>'.
src/services/marketplaceService.ts(63,32): error TS2339: Property 'serviceListing' does not exist on type 'PrismaClient<PrismaClientOptions, never, DefaultArgs>'.
src/services/marketplaceService.ts(68,17): error TS2339: Property 'serviceListing' does not exist on type 'PrismaClient<PrismaClientOptions, never, DefaultArgs>'.
src/services/marketplaceService.ts(75,32): error TS2339: Property 'serviceListing' does not exist on type 'PrismaClient<PrismaClientOptions, never, DefaultArgs>'.
src/services/marketplaceService.ts(80,17): error TS2339: Property 'serviceListing' does not exist on type 'PrismaClient<PrismaClientOptions, never, DefaultArgs>'.
src/services/marketplaceService.ts(93,32): error TS2339: Property 'serviceListing' does not exist on type 'PrismaClient<PrismaClientOptions, never, DefaultArgs>'.
src/services/marketplaceService.ts(102,17): error TS2339: Property 'serviceOrder' does not exist on type 'PrismaClient<PrismaClientOptions, never, DefaultArgs>'.
src/services/marketplaceService.ts(120,17): error TS2339: Property 'serviceOrder' does not exist on type 'PrismaClient<PrismaClientOptions, never, DefaultArgs>'.
src/services/marketplaceService.ts(134,30): error TS2339: Property 'serviceOrder' does not exist on type 'PrismaClient<PrismaClientOptions, never, DefaultArgs>'.
src/services/marketplaceService.ts(142,17): error TS2339: Property 'serviceOrder' does not exist on type 'PrismaClient<PrismaClientOptions, never, DefaultArgs>'.
src/services/marketplaceService.ts(149,30): error TS2339: Property 'serviceOrder' does not exist on type 'PrismaClient<PrismaClientOptions, never, DefaultArgs>'.
src/services/marketplaceService.ts(164,12): error TS2339: Property 'serviceOrder' does not exist on type 'PrismaClient<PrismaClientOptions, never, DefaultArgs>'.
src/services/marketplaceService.ts(182,9): error TS2561: Object literal may only specify known properties, but 'reference_id' does not exist in type '(Without<token_transactionsCreateInput, token_transactionsUncheckedCreateInput> & token_transactionsUncheckedCreateInput) | (Without<...> & token_transactionsCreateInput)'. Did you mean to write 'referenceId'?
src/services/marketplaceService.ts(191,30): error TS2339: Property 'serviceOrder' does not exist on type 'PrismaClient<PrismaClientOptions, never, DefaultArgs>'.
src/services/marketplaceService.ts(200,7): error TS2353: Object literal may only specify known properties, and 'orderId' does not exist in type '(Without<ServiceExecutionLogCreateInput, ServiceExecutionLogUncheckedCreateInput> & ServiceExecutionLogUncheckedCreateInput) | (Without<...> & ServiceExecutionLogCreateInput)'.
src/services/nodeRewards.ts(16,15): error TS2561: Object literal may only specify known properties, but 'total_earned' does not exist in type '(Without<nodesUpdateInput, nodesUncheckedUpdateInput> & nodesUncheckedUpdateInput) | (Without<...> & nodesUpdateInput)'. Did you mean to write 'totalEarned'?
src/services/nodeRewards.ts(19,18): error TS2551: Property 'nodes_rewards' does not exist on type 'PrismaClient<PrismaClientOptions, never, DefaultArgs>'. Did you mean 'node_rewards'?
src/services/nodeRewards.ts(32,25): error TS2551: Property 'ownerId' does not exist on type '{ name: string; id: string; status: string; created_at: Date; owner_id: string; endpoint: string | null; version: string | null; last_ping: Date | null; totalEarned: number; updated_at: Date; }'. Did you mean 'owner_id'?
src/services/nodeRewards.ts(38,26): error TS2551: Property 'ownerId' does not exist on type '{ name: string; id: string; status: string; created_at: Date; owner_id: string; endpoint: string | null; version: string | null; last_ping: Date | null; totalEarned: number; updated_at: Date; }'. Did you mean 'owner_id'?
src/services/nodeRewards.ts(41,9): error TS2561: Object literal may only specify known properties, but 'reference_id' does not exist in type '(Without<token_transactionsCreateInput, token_transactionsUncheckedCreateInput> & token_transactionsUncheckedCreateInput) | (Without<...> & token_transactionsCreateInput)'. Did you mean to write 'referenceId'?
src/services/nodeService.ts(7,5): error TS2322: Type '{ owner_id: string; name: string; endpoint: string | null; status: string; }' is not assignable to type '(Without<nodesCreateInput, nodesUncheckedCreateInput> & nodesUncheckedCreateInput) | (Without<...> & nodesCreateInput)'.
  Type '{ owner_id: string; name: string; endpoint: string | null; status: string; }' is not assignable to type 'Without<nodesCreateInput, nodesUncheckedCreateInput> & nodesUncheckedCreateInput'.
    Type '{ owner_id: string; name: string; endpoint: string | null; status: string; }' is missing the following properties from type 'nodesUncheckedCreateInput': id, updated_at
src/services/nodeService.ts(30,5): error TS2322: Type '{ ownerId: string; } | { ownerId?: never; }' is not assignable to type 'nodesWhereInput | undefined'.
  Type '{ ownerId: string; }' has no properties in common with type 'nodesWhereInput'.
src/services/nodeService.ts(31,16): error TS2353: Object literal may only specify known properties, and 'tasks' does not exist in type 'nodesInclude<DefaultArgs>'.
src/services/nodeService.ts(37,17): error TS2551: Property 'nodes_tasks' does not exist on type 'PrismaClient<PrismaClientOptions, never, DefaultArgs>'. Did you mean 'node_tasks'?
src/services/nodeService.ts(48,29): error TS2551: Property 'nodes_tasks' does not exist on type 'PrismaClient<PrismaClientOptions, never, DefaultArgs>'. Did you mean 'node_tasks'?
src/services/nodeService.ts(60,13): error TS2561: Object literal may only specify known properties, but 'total_earned' does not exist in type '(Without<nodesUpdateInput, nodesUncheckedUpdateInput> & nodesUncheckedUpdateInput) | (Without<...> & nodesUpdateInput)'. Did you mean to write 'totalEarned'?
src/services/nodeService.ts(63,16): error TS2551: Property 'nodes_rewards' does not exist on type 'PrismaClient<PrismaClientOptions, never, DefaultArgs>'. Did you mean 'node_rewards'?
src/services/platformService.ts(48,5): error TS2322: Type '{ user_id: string; platform: string; credentials: string; status: string; }' is not assignable to type '(Without<platform_connectionsCreateInput, platform_connectionsUncheckedCreateInput> & platform_connectionsUncheckedCreateInput) | (Without<...> & platform_connectionsCreateInput)'.
  Type '{ user_id: string; platform: string; credentials: string; status: string; }' is not assignable to type 'Without<platform_connectionsCreateInput, platform_connectionsUncheckedCreateInput> & platform_connectionsUncheckedCreateInput'.
    Type '{ user_id: string; platform: string; credentials: string; status: string; }' is missing the following properties from type 'platform_connectionsUncheckedCreateInput': id, updated_at
src/services/platformService.ts(98,5): error TS2322: Type '{ agent_id: string; platform_id: string; config: any; status: string; }' is not assignable to type '(Without<deploymentsCreateInput, deploymentsUncheckedCreateInput> & deploymentsUncheckedCreateInput) | (Without<...> & deploymentsCreateInput)'.
  Type '{ agent_id: string; platform_id: string; config: any; status: string; }' is not assignable to type 'Without<deploymentsCreateInput, deploymentsUncheckedCreateInput> & deploymentsUncheckedCreateInput'.
    Type '{ agent_id: string; platform_id: string; config: any; status: string; }' is missing the following properties from type 'deploymentsUncheckedCreateInput': id, updated_at
src/services/platformService.ts(110,5): error TS2322: Type '{ deployment_id: string; amount: number; description: string | null; settled: true; }' is not assignable to type '(Without<revenue_logsCreateInput, revenue_logsUncheckedCreateInput> & revenue_logsUncheckedCreateInput) | (Without<...> & revenue_logsCreateInput)'.
  Type '{ deployment_id: string; amount: number; description: string | null; settled: true; }' is not assignable to type 'Without<revenue_logsCreateInput, revenue_logsUncheckedCreateInput> & revenue_logsUncheckedCreateInput'.
    Property 'id' is missing in type '{ deployment_id: string; amount: number; description: string | null; settled: true; }' but required in type 'revenue_logsUncheckedCreateInput'.
src/services/platformService.ts(127,16): error TS2561: Object literal may only specify known properties, but 'agent' does not exist in type 'deploymentsInclude<DefaultArgs>'. Did you mean to write 'Agent'?
src/services/platformService.ts(129,19): error TS2339: Property 'agent' does not exist on type '{ id: string; status: string; revenue: number; created_at: Date; last_ping: Date | null; updated_at: Date; agent_id: string; platform_id: string; externalId: string | null; config: JsonValue; }'.
src/services/platformService.ts(131,31): error TS2339: Property 'agent' does not exist on type '{ id: string; status: string; revenue: number; created_at: Date; last_ping: Date | null; updated_at: Date; agent_id: string; platform_id: string; externalId: string | null; config: JsonValue; }'.
src/services/platformService.ts(137,32): error TS2339: Property 'agent' does not exist on type '{ id: string; status: string; revenue: number; created_at: Date; last_ping: Date | null; updated_at: Date; agent_id: string; platform_id: string; externalId: string | null; config: JsonValue; }'.
src/services/platformService.ts(140,9): error TS2561: Object literal may only specify known properties, but 'reference_id' does not exist in type '(Without<token_transactionsCreateInput, token_transactionsUncheckedCreateInput> & token_transactionsUncheckedCreateInput) | (Without<...> & token_transactionsCreateInput)'. Did you mean to write 'referenceId'?
src/services/profitOptimization.ts(13,44): error TS2551: Property 'deployment' does not exist on type 'PrismaClient<PrismaClientOptions, never, DefaultArgs>'. Did you mean 'deployments'?
src/services/profitOptimization.ts(26,9): error TS2322: Type '{ agentType: string; basePrice: number; demand: number; multiplier: number; }' is not assignable to type '(Without<PricingRuleCreateInput, PricingRuleUncheckedCreateInput> & PricingRuleUncheckedCreateInput) | (Without<...> & PricingRuleCreateInput)'.
  Type '{ agentType: string; basePrice: number; demand: number; multiplier: number; }' is not assignable to type 'Without<PricingRuleUncheckedCreateInput, PricingRuleCreateInput> & PricingRuleCreateInput'.
    Type '{ agentType: string; basePrice: number; demand: number; multiplier: number; }' is missing the following properties from type 'PricingRuleCreateInput': id, updatedAt
src/services/profitOptimization.ts(43,9): error TS2561: Object literal may only specify known properties, but 'updated_at' does not exist in type '(Without<PricingRuleUpdateInput, PricingRuleUncheckedUpdateInput> & PricingRuleUncheckedUpdateInput) | (Without<...> & PricingRuleUpdateInput)'. Did you mean to write 'updatedAt'?
src/services/recommendationEngine.ts(11,30): error TS2561: Object literal may only specify known properties, but 'agent' does not exist in type 'stakesInclude<DefaultArgs>'. Did you mean to write 'Agent'?
src/services/recommendationEngine.ts(19,30): error TS2339: Property 'agents' does not exist on type '{ name: string | null; id: string; reputationScore: number; createdAt: Date; updatedAt: Date; email: string; passwordHash: string; avatar: string | null; balance: number; tokenBalance: number; role: string; }'.
src/services/recommendationEngine.ts(37,33): error TS2339: Property 'businesses' does not exist on type '{ name: string | null; id: string; reputationScore: number; createdAt: Date; updatedAt: Date; email: string; passwordHash: string; avatar: string | null; balance: number; tokenBalance: number; role: string; }'.
src/services/recommendationEngine.ts(51,14): error TS2339: Property 'businesses' does not exist on type '{ name: string | null; id: string; reputationScore: number; createdAt: Date; updatedAt: Date; email: string; passwordHash: string; avatar: string | null; balance: number; tokenBalance: number; role: string; }'.
src/services/recommendationEngine.ts(62,30): error TS2339: Property 'agents' does not exist on type '{ name: string | null; id: string; reputationScore: number; createdAt: Date; updatedAt: Date; email: string; passwordHash: string; avatar: string | null; balance: number; tokenBalance: number; role: string; }'.
src/services/recommendationEngine.ts(78,9): error TS2322: Type '{ userId: string; type: string; title: string; description: string; priority: number; metadata: { agent_id: any; businessId?: never; } | { businessId: any; agent_id?: never; } | { agent_id?: never; businessId?: never; }; }' is not assignable to type '(Without<RecommendationCreateInput, RecommendationUncheckedCreateInput> & RecommendationUncheckedCreateInput) | (Without<...> & RecommendationCreateInput)'.
  Type '{ userId: string; type: string; title: string; description: string; priority: number; metadata: { agent_id: any; businessId?: never; } | { businessId: any; agent_id?: never; } | { agent_id?: never; businessId?: never; }; }' is not assignable to type 'Without<RecommendationCreateInput, RecommendationUncheckedCreateInput> & RecommendationUncheckedCreateInput'.
    Property 'id' is missing in type '{ userId: string; type: string; title: string; description: string; priority: number; metadata: { agent_id: any; businessId?: never; } | { businessId: any; agent_id?: never; } | { agent_id?: never; businessId?: never; }; }' but required in type 'RecommendationUncheckedCreateInput'.
src/services/stakingService.ts(15,30): error TS2551: Property 'stakess' does not exist on type 'PrismaClient<PrismaClientOptions, never, DefaultArgs>'. Did you mean 'stakes'?
src/services/stakingService.ts(37,7): error TS2561: Object literal may only specify known properties, but 'reference_id' does not exist in type 'Without<token_transactionsCreateInput, token_transactionsUncheckedCreateInput> & token_transactionsUncheckedCreateInput'. Did you mean to write 'referenceId'?
src/services/stakingService.ts(45,30): error TS2551: Property 'stakess' does not exist on type 'PrismaClient<PrismaClientOptions, never, DefaultArgs>'. Did you mean 'stakes'?
src/services/stakingService.ts(51,16): error TS2551: Property 'stakess' does not exist on type 'PrismaClient<PrismaClientOptions, never, DefaultArgs>'. Did you mean 'stakes'?
src/services/stakingService.ts(68,7): error TS2561: Object literal may only specify known properties, but 'reference_id' does not exist in type '(Without<token_transactionsCreateInput, token_transactionsUncheckedCreateInput> & token_transactionsUncheckedCreateInput) | (Without<...> & token_transactionsCreateInput)'. Did you mean to write 'referenceId'?
src/services/stakingService.ts(76,17): error TS2551: Property 'stakess' does not exist on type 'PrismaClient<PrismaClientOptions, never, DefaultArgs>'. Did you mean 'stakes'?
src/services/stakingService.ts(84,31): error TS2551: Property 'stakess' does not exist on type 'PrismaClient<PrismaClientOptions, never, DefaultArgs>'. Did you mean 'stakes'?
src/services/stakingService.ts(96,18): error TS2551: Property 'rewardss' does not exist on type 'PrismaClient<PrismaClientOptions, never, DefaultArgs>'. Did you mean 'rewards'?
src/services/stakingService.ts(117,9): error TS2561: Object literal may only specify known properties, but 'reference_id' does not exist in type '(Without<token_transactionsCreateInput, token_transactionsUncheckedCreateInput> & token_transactionsUncheckedCreateInput) | (Without<...> & token_transactionsCreateInput)'. Did you mean to write 'referenceId'?
src/services/ventureService.ts(19,7): error TS2561: Object literal may only specify known properties, but 'ask_amount' does not exist in type 'Without<investment_proposalsCreateInput, investment_proposalsUncheckedCreateInput> & investment_proposalsUncheckedCreateInput'. Did you mean to write 'askAmount'?
src/services/ventureService.ts(31,7): error TS2353: Object literal may only specify known properties, and 'proposer' does not exist in type 'investment_proposalsInclude<DefaultArgs>'.
src/services/ventureService.ts(41,7): error TS2561: Object literal may only specify known properties, but 'proposalId' does not exist in type '(Without<due_diligence_reportsCreateInput, due_diligence_reportsUncheckedCreateInput> & due_diligence_reportsUncheckedCreateInput) | (Without<...> & due_diligence_reportsCreateInput)'. Did you mean to write 'proposal_id'?
src/services/ventureService.ts(63,7): error TS2561: Object literal may only specify known properties, but 'proposalId' does not exist in type '(Without<investmentsCreateInput, investmentsUncheckedCreateInput> & investmentsUncheckedCreateInput) | (Without<...> & investmentsCreateInput)'. Did you mean to write 'proposal_id'?
src/services/ventureService.ts(71,27): error TS2551: Property 'startupId' does not exist on type '{ id: string; description: string; status: string; title: string; startup_id: string; proposer_id: string; askAmount: number; equity: number | null; created_at: Date; reviewed_at: Date | null; funded_at: Date | null; }'. Did you mean 'startup_id'?
src/services/ventureService.ts(72,13): error TS2561: Object literal may only specify known properties, but 'token_amount' does not exist in type '(Without<startupsUpdateInput, startupsUncheckedUpdateInput> & startupsUncheckedUpdateInput) | (Without<...> & startupsUpdateInput)'. Did you mean to write 'tokenAmount'?
