src/routes/aiMarketplace.ts(15,35): error TS2339: Property 'agentServiceListing' does not exist on type 'PrismaClient<PrismaClientOptions, never, DefaultArgs>'.
src/routes/aiMarketplace.ts(36,29): error TS2561: Object literal may only specify known properties, but 'ownerId' does not exist in type 'agentsWhereInput'. Did you mean to write 'owner_id'?
src/routes/aiMarketplace.ts(40,34): error TS2339: Property 'agentServiceListing' does not exist on type 'PrismaClient<PrismaClientOptions, never, DefaultArgs>'.
src/routes/aiMarketplace.ts(64,34): error TS2339: Property 'agentServiceListing' does not exist on type 'PrismaClient<PrismaClientOptions, never, DefaultArgs>'.
src/routes/aiMarketplace.ts(73,34): error TS2339: Property 'agentServiceListing' does not exist on type 'PrismaClient<PrismaClientOptions, never, DefaultArgs>'.
src/routes/aiMarketplace.ts(92,34): error TS2339: Property 'agentServiceListing' does not exist on type 'PrismaClient<PrismaClientOptions, never, DefaultArgs>'.
src/routes/aiMarketplace.ts(102,35): error TS2561: Object literal may only specify known properties, but 'ownerId' does not exist in type 'agentsWhereInput'. Did you mean to write 'owner_id'?
src/routes/aiMarketplace.ts(112,36): error TS2339: Property 'agentHireAgreement' does not exist on type 'PrismaClient<PrismaClientOptions, never, DefaultArgs>'.
src/routes/aiMarketplace.ts(134,16): error TS2561: Object literal may only specify known properties, but 'ownerId' does not exist in type 'agentsWhereInput'. Did you mean to write 'owner_id'?
src/routes/aiMarketplace.ts(139,37): error TS2339: Property 'agentHireAgreement' does not exist on type 'PrismaClient<PrismaClientOptions, never, DefaultArgs>'.
src/routes/aiMarketplace.ts(164,36): error TS2339: Property 'agentHireAgreement' does not exist on type 'PrismaClient<PrismaClientOptions, never, DefaultArgs>'.
src/routes/aiMarketplace.ts(174,34): error TS2339: Property 'agentHireAgreement' does not exist on type 'PrismaClient<PrismaClientOptions, never, DefaultArgs>'.
src/routes/aiMarketplace.ts(191,36): error TS2339: Property 'agentHireAgreement' does not exist on type 'PrismaClient<PrismaClientOptions, never, DefaultArgs>'.
src/routes/aiMarketplace.ts(202,36): error TS2339: Property 'service_execution_logs' does not exist on type 'PrismaClient<PrismaClientOptions, never, DefaultArgs>'.
src/routes/auth.ts(2,20): error TS2307: Cannot find module 'bcrypt' or its corresponding type declarations.
src/routes/autonomousBusiness.ts(24,9): error TS2561: Object literal may only specify known properties, but 'businessType' does not exist in type '(Without<businessesCreateInput, businessesUncheckedCreateInput> & businessesUncheckedCreateInput) | (Without<...> & businessesCreateInput)'. Did you mean to write 'business_type'?
src/routes/autonomousBusiness.ts(41,18): error TS2561: Object literal may only specify known properties, but 'agentType' does not exist in type 'agentsWhereInput'. Did you mean to write 'agent_type'?
src/routes/autonomousBusiness.ts(49,13): error TS2561: Object literal may only specify known properties, but 'agentType' does not exist in type '(Without<agentsCreateInput, agentsUncheckedCreateInput> & agentsUncheckedCreateInput) | (Without<...> & agentsCreateInput)'. Did you mean to write 'agent_type'?
src/routes/autonomousBusiness.ts(59,20): error TS2339: Property 'contracts' does not exist on type 'PrismaClient<PrismaClientOptions, never, DefaultArgs>'.
src/routes/autonomousBusiness.ts(67,20): error TS2551: Property 'business_agents' does not exist on type 'PrismaClient<PrismaClientOptions, never, DefaultArgs>'. Did you mean 'businesses'?
src/routes/connectors.ts(10,37): error TS2551: Property 'connectors' does not exist on type 'PrismaClient<PrismaClientOptions, never, DefaultArgs>'. Did you mean '$connect'?
src/routes/connectors.ts(24,36): error TS2551: Property 'connectors' does not exist on type 'PrismaClient<PrismaClientOptions, never, DefaultArgs>'. Did you mean '$connect'?
src/routes/connectors.ts(40,36): error TS2551: Property 'connectors' does not exist on type 'PrismaClient<PrismaClientOptions, never, DefaultArgs>'. Did you mean '$connect'?
src/routes/connectors.ts(44,37): error TS2339: Property 'user_connections' does not exist on type 'PrismaClient<PrismaClientOptions, never, DefaultArgs>'.
src/routes/connectors.ts(59,38): error TS2339: Property 'user_connections' does not exist on type 'PrismaClient<PrismaClientOptions, never, DefaultArgs>'.
src/routes/connectors.ts(74,18): error TS2339: Property 'user_connections' does not exist on type 'PrismaClient<PrismaClientOptions, never, DefaultArgs>'.
src/routes/connectors.ts(91,37): error TS2339: Property 'user_connections' does not exist on type 'PrismaClient<PrismaClientOptions, never, DefaultArgs>'.
src/routes/connectors.ts(98,29): error TS2561: Object literal may only specify known properties, but 'ownerId' does not exist in type 'agentsWhereInput'. Did you mean to write 'owner_id'?
src/routes/connectors.ts(103,34): error TS2339: Property 'agent_service_bindings' does not exist on type 'PrismaClient<PrismaClientOptions, never, DefaultArgs>'.
src/routes/connectors.ts(122,34): error TS2339: Property 'agent_service_bindings' does not exist on type 'PrismaClient<PrismaClientOptions, never, DefaultArgs>'.
src/routes/connectors.ts(130,30): error TS2339: Property 'integration_logs' does not exist on type 'PrismaClient<PrismaClientOptions, never, DefaultArgs>'.
src/routes/connectors.ts(150,31): error TS2339: Property 'integration_logs' does not exist on type 'PrismaClient<PrismaClientOptions, never, DefaultArgs>'.
src/routes/derivatives.ts(24,36): error TS2339: Property 'derivative_contracts' does not exist on type 'PrismaClient<PrismaClientOptions, never, DefaultArgs>'.
src/routes/derivatives.ts(57,35): error TS2339: Property 'derivative_contracts' does not exist on type 'PrismaClient<PrismaClientOptions, never, DefaultArgs>'.
src/routes/derivatives.ts(71,18): error TS2339: Property 'positions' does not exist on type 'PrismaClient<PrismaClientOptions, never, DefaultArgs>'.
src/routes/derivatives.ts(90,35): error TS2339: Property 'derivative_contracts' does not exist on type 'PrismaClient<PrismaClientOptions, never, DefaultArgs>'.
src/routes/derivatives.ts(114,20): error TS2551: Property 'transaction' does not exist on type 'PrismaClient<PrismaClientOptions, never, DefaultArgs>'. Did you mean '$transaction'?
src/routes/derivatives.ts(126,34): error TS2339: Property 'derivative_contracts' does not exist on type 'PrismaClient<PrismaClientOptions, never, DefaultArgs>'.
src/routes/derivatives.ts(135,18): error TS2339: Property 'positions' does not exist on type 'PrismaClient<PrismaClientOptions, never, DefaultArgs>'.
src/routes/derivatives.ts(154,35): error TS2339: Property 'derivative_contracts' does not exist on type 'PrismaClient<PrismaClientOptions, never, DefaultArgs>'.
src/routes/derivatives.ts(208,22): error TS2551: Property 'transaction' does not exist on type 'PrismaClient<PrismaClientOptions, never, DefaultArgs>'. Did you mean '$transaction'?
src/routes/derivatives.ts(219,22): error TS2339: Property 'derivative_contracts' does not exist on type 'PrismaClient<PrismaClientOptions, never, DefaultArgs>'.
src/routes/derivatives.ts(228,34): error TS2339: Property 'derivative_contracts' does not exist on type 'PrismaClient<PrismaClientOptions, never, DefaultArgs>'.
src/routes/derivatives.ts(238,18): error TS2339: Property 'settlement_logs' does not exist on type 'PrismaClient<PrismaClientOptions, never, DefaultArgs>'.
src/routes/derivatives.ts(255,36): error TS2339: Property 'positions' does not exist on type 'PrismaClient<PrismaClientOptions, never, DefaultArgs>'.
src/routes/derivatives.ts(274,35): error TS2339: Property 'derivative_contracts' does not exist on type 'PrismaClient<PrismaClientOptions, never, DefaultArgs>'.
src/routes/diagnostics.ts(8,36): error TS2339: Property 'system_diagnostics' does not exist on type 'PrismaClient<PrismaClientOptions, never, DefaultArgs>'.
src/routes/insights.ts(8,33): error TS2339: Property 'competitor_insights' does not exist on type 'PrismaClient<PrismaClientOptions, never, DefaultArgs>'.
src/routes/learning.ts(10,34): error TS2339: Property 'learning_rounds' does not exist on type 'PrismaClient<PrismaClientOptions, never, DefaultArgs>'.
src/routes/learning.ts(25,36): error TS2339: Property 'learning_rounds' does not exist on type 'PrismaClient<PrismaClientOptions, never, DefaultArgs>'.
src/routes/learning.ts(29,32): error TS2339: Property 'learning_rounds' does not exist on type 'PrismaClient<PrismaClientOptions, never, DefaultArgs>'.
src/routes/learning.ts(50,29): error TS2561: Object literal may only specify known properties, but 'ownerId' does not exist in type 'agentsWhereInput'. Did you mean to write 'owner_id'?
src/routes/learning.ts(55,32): error TS2339: Property 'learning_rounds' does not exist on type 'PrismaClient<PrismaClientOptions, never, DefaultArgs>'.
src/routes/learning.ts(63,39): error TS2339: Property 'contributions' does not exist on type 'PrismaClient<PrismaClientOptions, never, DefaultArgs>'.
src/routes/learning.ts(70,18): error TS2339: Property 'learning_rounds' does not exist on type 'PrismaClient<PrismaClientOptions, never, DefaultArgs>'.
src/routes/learning.ts(78,15): error TS2561: Object literal may only specify known properties, but 'reputationScore' does not exist in type '(Without<agentsUpdateInput, agentsUncheckedUpdateInput> & agentsUncheckedUpdateInput) | (Without<...> & agentsUpdateInput)'. Did you mean to write 'reputation_score'?
src/routes/learning.ts(94,32): error TS2339: Property 'learning_rounds' does not exist on type 'PrismaClient<PrismaClientOptions, never, DefaultArgs>'.
src/routes/learning.ts(112,40): error TS2339: Property 'contributions' does not exist on type 'PrismaClient<PrismaClientOptions, never, DefaultArgs>'.
src/routes/marketplace.ts(44,73): error TS2561: Object literal may only specify known properties, but 'ownerId' does not exist in type 'agentsWhereInput'. Did you mean to write 'owner_id'?
src/routes/marketplace.ts(58,41): error TS2345: Argument of type 'string | undefined' is not assignable to parameter of type 'string'.
  Type 'undefined' is not assignable to type 'string'.
src/routes/marketplace.ts(69,25): error TS2345: Argument of type 'string | undefined' is not assignable to parameter of type 'string'.
  Type 'undefined' is not assignable to type 'string'.
src/routes/marketplace.ts(106,37): error TS2345: Argument of type 'string | undefined' is not assignable to parameter of type 'string'.
  Type 'undefined' is not assignable to type 'string'.
src/routes/marketplace.ts(117,39): error TS2345: Argument of type 'string | undefined' is not assignable to parameter of type 'string'.
  Type 'undefined' is not assignable to type 'string'.
src/routes/marketplace.ts(129,39): error TS2345: Argument of type 'string | undefined' is not assignable to parameter of type 'string'.
  Type 'undefined' is not assignable to type 'string'.
src/routes/notifications.ts(10,40): error TS2339: Property 'notifications' does not exist on type 'PrismaClient<PrismaClientOptions, never, DefaultArgs>'.
src/routes/notifications.ts(28,39): error TS2339: Property 'notifications' does not exist on type 'PrismaClient<PrismaClientOptions, never, DefaultArgs>'.
src/routes/notifications.ts(37,18): error TS2339: Property 'notifications' does not exist on type 'PrismaClient<PrismaClientOptions, never, DefaultArgs>'.
src/routes/notifications.ts(52,18): error TS2339: Property 'notifications' does not exist on type 'PrismaClient<PrismaClientOptions, never, DefaultArgs>'.
src/routes/platforms.ts(45,37): error TS2339: Property 'platform_connections' does not exist on type 'PrismaClient<PrismaClientOptions, never, DefaultArgs>'.
src/routes/platforms.ts(91,60): error TS2561: Object literal may only specify known properties, but 'ownerId' does not exist in type 'agentsWhereInput'. Did you mean to write 'owner_id'?
src/routes/platforms.ts(96,37): error TS2339: Property 'deployments' does not exist on type 'PrismaClient<PrismaClientOptions, never, DefaultArgs>'.
src/routes/platforms.ts(127,37): error TS2339: Property 'deployments' does not exist on type 'PrismaClient<PrismaClientOptions, never, DefaultArgs>'.
src/routes/platforms.ts(153,37): error TS2339: Property 'deployments' does not exist on type 'PrismaClient<PrismaClientOptions, never, DefaultArgs>'.
src/routes/platforms.ts(173,37): error TS2339: Property 'deployments' does not exist on type 'PrismaClient<PrismaClientOptions, never, DefaultArgs>'.
src/routes/platforms.ts(193,37): error TS2339: Property 'deployments' does not exist on type 'PrismaClient<PrismaClientOptions, never, DefaultArgs>'.
src/routes/pricing.ts(8,30): error TS2339: Property 'pricing_rules' does not exist on type 'PrismaClient<PrismaClientOptions, never, DefaultArgs>'.
src/routes/recommendations.ts(14,31): error TS2339: Property 'recommendations' does not exist on type 'PrismaClient<PrismaClientOptions, never, DefaultArgs>'.
src/routes/recommendations.ts(30,18): error TS2339: Property 'recommendations' does not exist on type 'PrismaClient<PrismaClientOptions, never, DefaultArgs>'.
src/routes/replication.ts(11,16): error TS2353: Object literal may only specify known properties, and 'isActive' does not exist in type 'agent_blueprintsWhereInput'.
src/routes/replication.ts(12,18): error TS2353: Object literal may only specify known properties, and 'Owner' does not exist in type 'agent_blueprintsInclude<DefaultArgs>'.
src/routes/replication.ts(13,18): error TS2353: Object literal may only specify known properties, and 'createdAt' does not exist in type 'agent_blueprintsOrderByWithRelationInput | agent_blueprintsOrderByWithRelationInput[]'.
src/routes/replication.ts(26,16): error TS2353: Object literal may only specify known properties, and 'ownerId' does not exist in type 'agent_blueprintsWhereInput'.
src/routes/replication.ts(27,18): error TS2561: Object literal may only specify known properties, but 'Clones' does not exist in type 'agent_blueprintsInclude<DefaultArgs>'. Did you mean to write 'clones'?
src/routes/replication.ts(43,29): error TS2561: Object literal may only specify known properties, but 'ownerId' does not exist in type 'agentsWhereUniqueInput'. Did you mean to write 'owner_id'?
src/routes/replication.ts(49,31): error TS2339: Property 'specialties' does not exist on type '{ name: string; id: string; reputation_score: number; created_at: Date; updated_at: Date; description: string | null; agent_type: string; status: string; configuration: JsonValue; ... 5 more ...; owner_id: string; }'.
src/routes/replication.ts(55,9): error TS2561: Object literal may only specify known properties, but 'agentType' does not exist in type '(Without<agent_blueprintsCreateInput, agent_blueprintsUncheckedCreateInput> & agent_blueprintsUncheckedCreateInput) | (Without<...> & agent_blueprintsCreateInput)'. Did you mean to write 'agent_type'?
src/routes/replication.ts(55,26): error TS2551: Property 'agentType' does not exist on type '{ name: string; id: string; reputation_score: number; created_at: Date; updated_at: Date; description: string | null; agent_type: string; status: string; configuration: JsonValue; ... 5 more ...; owner_id: string; }'. Did you mean 'agent_type'?
src/routes/replication.ts(75,20): error TS2353: Object literal may only specify known properties, and 'isActive' does not exist in type 'agent_blueprintsWhereUniqueInput'.
src/routes/replication.ts(76,18): error TS2353: Object literal may only specify known properties, and 'Owner' does not exist in type 'agent_blueprintsInclude<DefaultArgs>'.
src/routes/replication.ts(92,30): error TS2339: Property 'ownerId' does not exist on type '{ name: string; id: string; created_at: Date; updated_at: Date; description: string | null; agent_type: string; status: string; configuration: JsonValue; specialties: JsonValue; price: number; royalty_rate: number; creator_id: string; }'.
src/routes/replication.ts(96,18): error TS2551: Property 'transaction' does not exist on type 'PrismaClient<PrismaClientOptions, never, DefaultArgs>'. Did you mean '$transaction'?
src/routes/replication.ts(100,29): error TS2339: Property 'ownerId' does not exist on type '{ name: string; id: string; created_at: Date; updated_at: Date; description: string | null; agent_type: string; status: string; configuration: JsonValue; specialties: JsonValue; price: number; royalty_rate: number; creator_id: string; }'.
src/routes/replication.ts(114,9): error TS2561: Object literal may only specify known properties, but 'agentType' does not exist in type '(Without<agentsCreateInput, agentsUncheckedCreateInput> & agentsUncheckedCreateInput) | (Without<...> & agentsCreateInput)'. Did you mean to write 'agent_type'?
src/routes/replication.ts(114,30): error TS2551: Property 'agentType' does not exist on type '{ name: string; id: string; created_at: Date; updated_at: Date; description: string | null; agent_type: string; status: string; configuration: JsonValue; specialties: JsonValue; price: number; royalty_rate: number; creator_id: string; }'. Did you mean 'agent_type'?
src/routes/replication.ts(124,9): error TS2561: Object literal may only specify known properties, but 'blueprintId' does not exist in type '(Without<agent_clonesCreateInput, agent_clonesUncheckedCreateInput> & agent_clonesUncheckedCreateInput) | (Without<...> & agent_clonesCreateInput)'. Did you mean to write 'blueprint_id'?
src/routes/templates.ts(11,36): error TS2339: Property 'businessTemplate' does not exist on type 'PrismaClient<PrismaClientOptions, never, DefaultArgs>'.
src/routes/templates.ts(29,35): error TS2339: Property 'businessTemplate' does not exist on type 'PrismaClient<PrismaClientOptions, never, DefaultArgs>'.
src/routes/templates.ts(41,9): error TS2561: Object literal may only specify known properties, but 'businessType' does not exist in type '(Without<businessesCreateInput, businessesUncheckedCreateInput> & businessesUncheckedCreateInput) | (Without<...> & businessesCreateInput)'. Did you mean to write 'business_type'?
src/routes/templates.ts(52,13): error TS2561: Object literal may only specify known properties, but 'agentType' does not exist in type '(Without<agentsCreateInput, agentsUncheckedCreateInput> & agentsUncheckedCreateInput) | (Without<...> & agentsCreateInput)'. Did you mean to write 'agent_type'?
src/routes/templates.ts(59,22): error TS2339: Property 'contracts' does not exist on type 'PrismaClient<PrismaClientOptions, never, DefaultArgs>'.
src/routes/templates.ts(66,22): error TS2551: Property 'business_agents' does not exist on type 'PrismaClient<PrismaClientOptions, never, DefaultArgs>'. Did you mean 'businesses'?
src/services/autoDiagnosis.ts(28,16): error TS2339: Property 'system_diagnostics' does not exist on type 'PrismaClient<PrismaClientOptions, never, DefaultArgs>'.
src/services/autoIntegration.ts(19,18): error TS2339: Property 'integration_templates' does not exist on type 'PrismaClient<PrismaClientOptions, never, DefaultArgs>'.
src/services/cloudDeploymentService.ts(21,35): error TS2339: Property 'deployments' does not exist on type 'PrismaClient<PrismaClientOptions, never, DefaultArgs>'.
src/services/cloudDeploymentService.ts(43,16): error TS2339: Property 'deployments' does not exist on type 'PrismaClient<PrismaClientOptions, never, DefaultArgs>'.
src/services/cloudDeploymentService.ts(54,16): error TS2339: Property 'deploymentLog' does not exist on type 'PrismaClient<PrismaClientOptions, never, DefaultArgs>'.
src/services/cloudDeploymentService.ts(65,35): error TS2339: Property 'deployments' does not exist on type 'PrismaClient<PrismaClientOptions, never, DefaultArgs>'.
src/services/cloudDeploymentService.ts(77,16): error TS2339: Property 'deployments' does not exist on type 'PrismaClient<PrismaClientOptions, never, DefaultArgs>'.
src/services/cloudDeploymentService.ts(86,16): error TS2339: Property 'deploymentLog' does not exist on type 'PrismaClient<PrismaClientOptions, never, DefaultArgs>'.
src/services/cloudDeploymentService.ts(98,35): error TS2339: Property 'deployments' does not exist on type 'PrismaClient<PrismaClientOptions, never, DefaultArgs>'.
src/services/cloudDeploymentService.ts(108,31): error TS2339: Property 'deploymentLog' does not exist on type 'PrismaClient<PrismaClientOptions, never, DefaultArgs>'.
src/services/cloudDeploymentService.ts(120,35): error TS2339: Property 'deployments' does not exist on type 'PrismaClient<PrismaClientOptions, never, DefaultArgs>'.
src/services/cloudDeploymentService.ts(131,18): error TS2339: Property 'deployments' does not exist on type 'PrismaClient<PrismaClientOptions, never, DefaultArgs>'.
src/services/cloudDeploymentService.ts(135,18): error TS2339: Property 'deploymentLog' does not exist on type 'PrismaClient<PrismaClientOptions, never, DefaultArgs>'.
src/services/competitiveAnalysis.ts(22,22): error TS2339: Property 'competitor_insights' does not exist on type 'PrismaClient<PrismaClientOptions, never, DefaultArgs>'.
src/services/consensusService.ts(9,7): error TS2561: Object literal may only specify known properties, but 'roundNumber' does not exist in type '(Without<consensus_roundsCreateInput, consensus_roundsUncheckedCreateInput> & consensus_roundsUncheckedCreateInput) | (Without<...> & consensus_roundsCreateInput)'. Did you mean to write 'round_number'?
src/services/consensusService.ts(21,14): error TS2353: Object literal may only specify known properties, and 'roundId_voterId' does not exist in type 'consensus_votesWhereUniqueInput'.
src/services/consensusService.ts(26,7): error TS2561: Object literal may only specify known properties, but 'roundId' does not exist in type '(Without<consensus_votesCreateInput, consensus_votesUncheckedCreateInput> & consensus_votesUncheckedCreateInput) | (Without<...> & consensus_votesCreateInput)'. Did you mean to write 'round_id'?
src/services/consensusService.ts(37,16): error TS2561: Object literal may only specify known properties, but 'Votes' does not exist in type 'consensus_roundsInclude<DefaultArgs>'. Did you mean to write 'votes'?
src/services/consensusService.ts(41,27): error TS2339: Property 'votes' does not exist on type '{ id: string; created_at: Date; updated_at: Date; status: string; round_number: number; }'.
src/services/consensusService.ts(42,31): error TS2339: Property 'votes' does not exist on type '{ id: string; created_at: Date; updated_at: Date; status: string; round_number: number; }'.
src/services/consensusService.ts(49,21): error TS2353: Object literal may only specify known properties, and 'result' does not exist in type '(Without<consensus_roundsUpdateInput, consensus_roundsUncheckedUpdateInput> & consensus_roundsUncheckedUpdateInput) | (Without<...> & consensus_roundsUpdateInput)'.
src/services/governanceService.ts(12,17): error TS2339: Property 'proposals' does not exist on type 'PrismaClient<PrismaClientOptions, never, DefaultArgs>'.
src/services/governanceService.ts(23,33): error TS2339: Property 'proposals' does not exist on type 'PrismaClient<PrismaClientOptions, never, DefaultArgs>'.
src/services/governanceService.ts(29,37): error TS2339: Property 'votes' does not exist on type 'PrismaClient<PrismaClientOptions, never, DefaultArgs>'.
src/services/governanceService.ts(35,36): error TS2339: Property 'stakes' does not exist on type 'PrismaClient<PrismaClientOptions, never, DefaultArgs>'.
src/services/governanceService.ts(43,17): error TS2339: Property 'votes' does not exist on type 'PrismaClient<PrismaClientOptions, never, DefaultArgs>'.
src/services/governanceService.ts(54,17): error TS2339: Property 'proposals' does not exist on type 'PrismaClient<PrismaClientOptions, never, DefaultArgs>'.
src/services/governanceService.ts(65,33): error TS2339: Property 'proposals' does not exist on type 'PrismaClient<PrismaClientOptions, never, DefaultArgs>'.
src/services/governanceService.ts(78,33): error TS2339: Property 'proposals' does not exist on type 'PrismaClient<PrismaClientOptions, never, DefaultArgs>'.
src/services/governanceService.ts(87,16): error TS2339: Property 'proposals' does not exist on type 'PrismaClient<PrismaClientOptions, never, DefaultArgs>'.
src/services/governanceService.ts(97,32): error TS2339: Property 'proposals' does not exist on type 'PrismaClient<PrismaClientOptions, never, DefaultArgs>'.
src/services/marketplaceService.ts(6,23): error TS2323: Cannot redeclare exported variable 'createListing'.
src/services/marketplaceService.ts(6,23): error TS2393: Duplicate function implementation.
src/services/marketplaceService.ts(14,17): error TS2339: Property 'service_listings' does not exist on type 'PrismaClient<PrismaClientOptions, never, DefaultArgs>'.
src/services/marketplaceService.ts(26,23): error TS2323: Cannot redeclare exported variable 'getListings'.
src/services/marketplaceService.ts(26,23): error TS2393: Duplicate function implementation.
src/services/marketplaceService.ts(33,17): error TS2339: Property 'service_listings' does not exist on type 'PrismaClient<PrismaClientOptions, never, DefaultArgs>'.
src/services/marketplaceService.ts(46,23): error TS2323: Cannot redeclare exported variable 'getListing'.
src/services/marketplaceService.ts(46,23): error TS2393: Duplicate function implementation.
src/services/marketplaceService.ts(47,17): error TS2339: Property 'service_listings' does not exist on type 'PrismaClient<PrismaClientOptions, never, DefaultArgs>'.
src/services/marketplaceService.ts(62,32): error TS2339: Property 'service_listings' does not exist on type 'PrismaClient<PrismaClientOptions, never, DefaultArgs>'.
src/services/marketplaceService.ts(67,17): error TS2339: Property 'service_listings' does not exist on type 'PrismaClient<PrismaClientOptions, never, DefaultArgs>'.
src/services/marketplaceService.ts(74,32): error TS2339: Property 'service_listings' does not exist on type 'PrismaClient<PrismaClientOptions, never, DefaultArgs>'.
src/services/marketplaceService.ts(79,17): error TS2339: Property 'service_listings' does not exist on type 'PrismaClient<PrismaClientOptions, never, DefaultArgs>'.
src/services/marketplaceService.ts(86,23): error TS2323: Cannot redeclare exported variable 'createOrder'.
src/services/marketplaceService.ts(86,23): error TS2393: Duplicate function implementation.
src/services/marketplaceService.ts(92,32): error TS2339: Property 'service_listings' does not exist on type 'PrismaClient<PrismaClientOptions, never, DefaultArgs>'.
src/services/marketplaceService.ts(101,17): error TS2339: Property 'service_orders' does not exist on type 'PrismaClient<PrismaClientOptions, never, DefaultArgs>'.
src/services/marketplaceService.ts(112,23): error TS2323: Cannot redeclare exported variable 'getOrdersForUser'.
src/services/marketplaceService.ts(112,23): error TS2393: Duplicate function implementation.
src/services/marketplaceService.ts(118,17): error TS2339: Property 'service_orders' does not exist on type 'PrismaClient<PrismaClientOptions, never, DefaultArgs>'.
src/services/marketplaceService.ts(132,30): error TS2339: Property 'service_orders' does not exist on type 'PrismaClient<PrismaClientOptions, never, DefaultArgs>'.
src/services/marketplaceService.ts(140,17): error TS2339: Property 'service_orders' does not exist on type 'PrismaClient<PrismaClientOptions, never, DefaultArgs>'.
src/services/marketplaceService.ts(147,30): error TS2339: Property 'service_orders' does not exist on type 'PrismaClient<PrismaClientOptions, never, DefaultArgs>'.
src/services/marketplaceService.ts(158,13): error TS2551: Property 'tokenBalance' does not exist on type '{ name: string | null; id: string; email: string; password_hash: string; balance: number; token_balance: number; reputation_score: number; role: string; created_at: Date; updated_at: Date; }'. Did you mean 'token_balance'?
src/services/marketplaceService.ts(162,12): error TS2339: Property 'service_orders' does not exist on type 'PrismaClient<PrismaClientOptions, never, DefaultArgs>'.
src/services/marketplaceService.ts(168,15): error TS2561: Object literal may only specify known properties, but 'tokenBalance' does not exist in type '(Without<usersUpdateInput, usersUncheckedUpdateInput> & usersUncheckedUpdateInput) | (Without<...> & usersUpdateInput)'. Did you mean to write 'token_balance'?
src/services/marketplaceService.ts(172,15): error TS2561: Object literal may only specify known properties, but 'tokenBalance' does not exist in type '(Without<usersUpdateInput, usersUncheckedUpdateInput> & usersUncheckedUpdateInput) | (Without<...> & usersUpdateInput)'. Did you mean to write 'token_balance'?
src/services/marketplaceService.ts(175,9): error TS2561: Object literal may only specify known properties, but 'fromUserId' does not exist in type '(Without<token_transactionsCreateInput, token_transactionsUncheckedCreateInput> & token_transactionsUncheckedCreateInput) | (Without<...> & token_transactionsCreateInput)'. Did you mean to write 'from_user_id'?
src/services/marketplaceService.ts(188,30): error TS2339: Property 'service_orders' does not exist on type 'PrismaClient<PrismaClientOptions, never, DefaultArgs>'.
src/services/marketplaceService.ts(195,17): error TS2339: Property 'service_execution_logs' does not exist on type 'PrismaClient<PrismaClientOptions, never, DefaultArgs>'.
src/services/marketplaceService.ts(212,23): error TS2323: Cannot redeclare exported variable 'getListings'.
src/services/marketplaceService.ts(212,23): error TS2393: Duplicate function implementation.
src/services/marketplaceService.ts(213,17): error TS2339: Property 'service_listings' does not exist on type 'PrismaClient<PrismaClientOptions, never, DefaultArgs>'.
src/services/marketplaceService.ts(215,23): error TS2323: Cannot redeclare exported variable 'getListing'.
src/services/marketplaceService.ts(215,23): error TS2393: Duplicate function implementation.
src/services/marketplaceService.ts(216,17): error TS2339: Property 'service_listings' does not exist on type 'PrismaClient<PrismaClientOptions, never, DefaultArgs>'.
src/services/marketplaceService.ts(218,23): error TS2323: Cannot redeclare exported variable 'createListing'.
src/services/marketplaceService.ts(218,23): error TS2393: Duplicate function implementation.
src/services/marketplaceService.ts(219,17): error TS2339: Property 'service_listings' does not exist on type 'PrismaClient<PrismaClientOptions, never, DefaultArgs>'.
src/services/marketplaceService.ts(221,23): error TS2323: Cannot redeclare exported variable 'createOrder'.
src/services/marketplaceService.ts(221,23): error TS2393: Duplicate function implementation.
src/services/marketplaceService.ts(222,17): error TS2339: Property 'service_orders' does not exist on type 'PrismaClient<PrismaClientOptions, never, DefaultArgs>'.
src/services/marketplaceService.ts(224,23): error TS2323: Cannot redeclare exported variable 'getOrdersForUser'.
src/services/marketplaceService.ts(224,23): error TS2393: Duplicate function implementation.
src/services/marketplaceService.ts(225,17): error TS2339: Property 'service_orders' does not exist on type 'PrismaClient<PrismaClientOptions, never, DefaultArgs>'.
src/services/nodeRewards.ts(7,36): error TS2339: Property 'nodes' does not exist on type 'PrismaClient<PrismaClientOptions, never, DefaultArgs>'.
src/services/nodeRewards.ts(14,18): error TS2339: Property 'nodes' does not exist on type 'PrismaClient<PrismaClientOptions, never, DefaultArgs>'.
src/services/nodeRewards.ts(19,18): error TS2339: Property 'node_rewards' does not exist on type 'PrismaClient<PrismaClientOptions, never, DefaultArgs>'.
src/services/nodeRewards.ts(32,15): error TS2561: Object literal may only specify known properties, but 'tokenBalance' does not exist in type '(Without<usersUpdateInput, usersUncheckedUpdateInput> & usersUncheckedUpdateInput) | (Without<...> & usersUpdateInput)'. Did you mean to write 'token_balance'?
src/services/nodeRewards.ts(36,9): error TS2561: Object literal may only specify known properties, but 'toUserId' does not exist in type '(Without<token_transactionsCreateInput, token_transactionsUncheckedCreateInput> & token_transactionsUncheckedCreateInput) | (Without<...> & token_transactionsCreateInput)'. Did you mean to write 'to_user_id'?
src/services/nodeService.ts(6,17): error TS2339: Property 'nodes' does not exist on type 'PrismaClient<PrismaClientOptions, never, DefaultArgs>'.
src/services/nodeService.ts(16,17): error TS2339: Property 'nodes' does not exist on type 'PrismaClient<PrismaClientOptions, never, DefaultArgs>'.
src/services/nodeService.ts(28,17): error TS2339: Property 'nodes' does not exist on type 'PrismaClient<PrismaClientOptions, never, DefaultArgs>'.
src/services/nodeService.ts(36,17): error TS2339: Property 'node_tasks' does not exist on type 'PrismaClient<PrismaClientOptions, never, DefaultArgs>'.
src/services/nodeService.ts(46,29): error TS2339: Property 'node_tasks' does not exist on type 'PrismaClient<PrismaClientOptions, never, DefaultArgs>'.
src/services/nodeService.ts(56,16): error TS2339: Property 'nodes' does not exist on type 'PrismaClient<PrismaClientOptions, never, DefaultArgs>'.
src/services/nodeService.ts(61,16): error TS2339: Property 'node_rewards' does not exist on type 'PrismaClient<PrismaClientOptions, never, DefaultArgs>'.
src/services/nodeService.ts(76,16): error TS2339: Property 'nodes' does not exist on type 'PrismaClient<PrismaClientOptions, never, DefaultArgs>'.
src/services/platformService.ts(37,17): error TS2339: Property 'platform_connections' does not exist on type 'PrismaClient<PrismaClientOptions, never, DefaultArgs>'.
src/services/platformService.ts(60,38): error TS2339: Property 'platform_connections' does not exist on type 'PrismaClient<PrismaClientOptions, never, DefaultArgs>'.
src/services/platformService.ts(76,29): error TS2339: Property 'platform_connections' does not exist on type 'PrismaClient<PrismaClientOptions, never, DefaultArgs>'.
src/services/platformService.ts(84,17): error TS2339: Property 'platform_connections' does not exist on type 'PrismaClient<PrismaClientOptions, never, DefaultArgs>'.
src/services/platformService.ts(97,17): error TS2339: Property 'deployments' does not exist on type 'PrismaClient<PrismaClientOptions, never, DefaultArgs>'.
src/services/platformService.ts(108,28): error TS2339: Property 'revenue_logs' does not exist on type 'PrismaClient<PrismaClientOptions, never, DefaultArgs>'.
src/services/platformService.ts(117,16): error TS2339: Property 'deployments' does not exist on type 'PrismaClient<PrismaClientOptions, never, DefaultArgs>'.
src/services/platformService.ts(123,35): error TS2339: Property 'deployments' does not exist on type 'PrismaClient<PrismaClientOptions, never, DefaultArgs>'.
src/services/platformService.ts(130,15): error TS2561: Object literal may only specify known properties, but 'tokenBalance' does not exist in type '(Without<usersUpdateInput, usersUncheckedUpdateInput> & usersUncheckedUpdateInput) | (Without<...> & usersUpdateInput)'. Did you mean to write 'token_balance'?
src/services/platformService.ts(134,9): error TS2561: Object literal may only specify known properties, but 'toUserId' does not exist in type '(Without<token_transactionsCreateInput, token_transactionsUncheckedCreateInput> & token_transactionsUncheckedCreateInput) | (Without<...> & token_transactionsCreateInput)'. Did you mean to write 'to_user_id'?
src/services/profitOptimization.ts(8,5): error TS2322: Type '"agentType"[]' is not assignable to type 'AgentsScalarFieldEnum | AgentsScalarFieldEnum[]'.
  Type '"agentType"[]' is not assignable to type 'AgentsScalarFieldEnum[]'.
    Type '"agentType"' is not assignable to type 'AgentsScalarFieldEnum'. Did you mean '"agent_type"'?
src/services/profitOptimization.ts(11,16): error TS2339: Property 'agentType' does not exist on type 'PickEnumerable<AgentsGroupByOutputType, AgentsScalarFieldEnum | AgentsScalarFieldEnum[]> & { ...; }'.
src/services/profitOptimization.ts(13,44): error TS2339: Property 'deployments' does not exist on type 'PrismaClient<PrismaClientOptions, never, DefaultArgs>'.
src/services/profitOptimization.ts(21,29): error TS2339: Property 'pricing_rules' does not exist on type 'PrismaClient<PrismaClientOptions, never, DefaultArgs>'.
src/services/profitOptimization.ts(25,27): error TS2339: Property 'pricing_rules' does not exist on type 'PrismaClient<PrismaClientOptions, never, DefaultArgs>'.
src/services/profitOptimization.ts(37,18): error TS2339: Property 'pricing_rules' does not exist on type 'PrismaClient<PrismaClientOptions, never, DefaultArgs>'.
src/services/recommendationEngine.ts(10,34): error TS2353: Object literal may only specify known properties, and 'agents' does not exist in type 'businessesInclude<DefaultArgs>'.
src/services/recommendationEngine.ts(19,30): error TS2339: Property 'agents' does not exist on type '{ name: string | null; id: string; email: string; password_hash: string; balance: number; token_balance: number; reputation_score: number; role: string; created_at: Date; updated_at: Date; }'.
src/services/recommendationEngine.ts(21,43): error TS2339: Property 'stakes' does not exist on type 'PrismaClient<PrismaClientOptions, never, DefaultArgs>'.
src/services/recommendationEngine.ts(37,33): error TS2339: Property 'businesses' does not exist on type '{ name: string | null; id: string; email: string; password_hash: string; balance: number; token_balance: number; reputation_score: number; role: string; created_at: Date; updated_at: Date; }'.
src/services/recommendationEngine.ts(51,14): error TS2339: Property 'businesses' does not exist on type '{ name: string | null; id: string; email: string; password_hash: string; balance: number; token_balance: number; reputation_score: number; role: string; created_at: Date; updated_at: Date; }'.
src/services/recommendationEngine.ts(62,30): error TS2339: Property 'agents' does not exist on type '{ name: string | null; id: string; email: string; password_hash: string; balance: number; token_balance: number; reputation_score: number; role: string; created_at: Date; updated_at: Date; }'.
src/services/recommendationEngine.ts(75,18): error TS2339: Property 'recommendations' does not exist on type 'PrismaClient<PrismaClientOptions, never, DefaultArgs>'.
src/services/recommendationEngine.ts(77,20): error TS2339: Property 'recommendations' does not exist on type 'PrismaClient<PrismaClientOptions, never, DefaultArgs>'.
src/services/stakingService.ts(9,12): error TS2551: Property 'tokenBalance' does not exist on type '{ name: string | null; id: string; email: string; password_hash: string; balance: number; token_balance: number; reputation_score: number; role: string; created_at: Date; updated_at: Date; }'. Did you mean 'token_balance'?
src/services/stakingService.ts(15,30): error TS2339: Property 'stakes' does not exist on type 'PrismaClient<PrismaClientOptions, never, DefaultArgs>'.
src/services/stakingService.ts(27,13): error TS2561: Object literal may only specify known properties, but 'tokenBalance' does not exist in type '(Without<usersUpdateInput, usersUncheckedUpdateInput> & usersUncheckedUpdateInput) | (Without<...> & usersUpdateInput)'. Did you mean to write 'token_balance'?
src/services/stakingService.ts(32,7): error TS2561: Object literal may only specify known properties, but 'fromUserId' does not exist in type '(Without<token_transactionsCreateInput, token_transactionsUncheckedCreateInput> & token_transactionsUncheckedCreateInput) | (Without<...> & token_transactionsCreateInput)'. Did you mean to write 'from_user_id'?
src/services/stakingService.ts(43,30): error TS2339: Property 'stakes' does not exist on type 'PrismaClient<PrismaClientOptions, never, DefaultArgs>'.
src/services/stakingService.ts(49,16): error TS2339: Property 'stakes' does not exist on type 'PrismaClient<PrismaClientOptions, never, DefaultArgs>'.
src/services/stakingService.ts(57,13): error TS2561: Object literal may only specify known properties, but 'tokenBalance' does not exist in type '(Without<usersUpdateInput, usersUncheckedUpdateInput> & usersUncheckedUpdateInput) | (Without<...> & usersUpdateInput)'. Did you mean to write 'token_balance'?
src/services/stakingService.ts(62,7): error TS2561: Object literal may only specify known properties, but 'toUserId' does not exist in type '(Without<token_transactionsCreateInput, token_transactionsUncheckedCreateInput> & token_transactionsUncheckedCreateInput) | (Without<...> & token_transactionsCreateInput)'. Did you mean to write 'to_user_id'?
src/services/stakingService.ts(73,17): error TS2339: Property 'stakes' does not exist on type 'PrismaClient<PrismaClientOptions, never, DefaultArgs>'.
src/services/stakingService.ts(81,31): error TS2339: Property 'stakes' does not exist on type 'PrismaClient<PrismaClientOptions, never, DefaultArgs>'.
src/services/stakingService.ts(93,18): error TS2339: Property 'rewards' does not exist on type 'PrismaClient<PrismaClientOptions, never, DefaultArgs>'.
src/services/stakingService.ts(104,15): error TS2561: Object literal may only specify known properties, but 'tokenBalance' does not exist in type '(Without<usersUpdateInput, usersUncheckedUpdateInput> & usersUncheckedUpdateInput) | (Without<...> & usersUpdateInput)'. Did you mean to write 'token_balance'?
src/services/stakingService.ts(109,9): error TS2561: Object literal may only specify known properties, but 'toUserId' does not exist in type '(Without<token_transactionsCreateInput, token_transactionsUncheckedCreateInput> & token_transactionsUncheckedCreateInput) | (Without<...> & token_transactionsCreateInput)'. Did you mean to write 'to_user_id'?
